Archive member included because of file (symbol)

/home/dennis/arduino-1.0.5/hardware/tools/avr/bin/../lib/gcc/avr/4.3.2/avr5/libgcc.a(_divmodhi4.o)
                              ./main_gpib.o (__divmodhi4)
/home/dennis/arduino-1.0.5/hardware/tools/avr/bin/../lib/gcc/avr/4.3.2/avr5/libgcc.a(_exit.o)
                              /home/dennis/arduino-1.0.5/hardware/tools/avr/bin/../lib/gcc/avr/4.3.2/../../../avr/lib/avr5/crtm32.o (exit)
/home/dennis/arduino-1.0.5/hardware/tools/avr/bin/../lib/gcc/avr/4.3.2/avr5/libgcc.a(_copy_data.o)
                              ./gpib.o (__do_copy_data)
/home/dennis/arduino-1.0.5/hardware/tools/avr/bin/../lib/gcc/avr/4.3.2/avr5/libgcc.a(_clear_bss.o)
                              ./gpib.o (__do_clear_bss)
/home/dennis/arduino-1.0.5/hardware/tools/avr/bin/../lib/gcc/avr/4.3.2/avr5/libgcc.a(_udivmodhi4.o)
                              /home/dennis/arduino-1.0.5/hardware/tools/avr/bin/../lib/gcc/avr/4.3.2/avr5/libgcc.a(_divmodhi4.o) (__udivmodhi4)
/home/dennis/arduino-1.0.5/hardware/tools/avr/bin/../lib/gcc/avr/4.3.2/../../../avr/lib/avr5/libc.a(atoi.o)
                              ./main_gpib.o (atoi)
/home/dennis/arduino-1.0.5/hardware/tools/avr/bin/../lib/gcc/avr/4.3.2/../../../avr/lib/avr5/libc.a(strtok.o)
                              ./main_gpib.o (strtok)
/home/dennis/arduino-1.0.5/hardware/tools/avr/bin/../lib/gcc/avr/4.3.2/../../../avr/lib/avr5/libc.a(strlen.o)
                              ./gpib.o (strlen)
/home/dennis/arduino-1.0.5/hardware/tools/avr/bin/../lib/gcc/avr/4.3.2/../../../avr/lib/avr5/libc.a(strncmp.o)
                              ./main_gpib.o (strncmp)
/home/dennis/arduino-1.0.5/hardware/tools/avr/bin/../lib/gcc/avr/4.3.2/../../../avr/lib/avr5/libc.a(strtok_r.o)
                              /home/dennis/arduino-1.0.5/hardware/tools/avr/bin/../lib/gcc/avr/4.3.2/../../../avr/lib/avr5/libc.a(strtok.o) (strtok_r)
/home/dennis/arduino-1.0.5/hardware/tools/avr/bin/../lib/gcc/avr/4.3.2/../../../avr/lib/avr5/libc.a(mul10.o)
                              /home/dennis/arduino-1.0.5/hardware/tools/avr/bin/../lib/gcc/avr/4.3.2/../../../avr/lib/avr5/libc.a(atoi.o) (__mulhi_const_10)
/home/dennis/arduino-1.0.5/hardware/tools/avr/bin/../lib/gcc/avr/4.3.2/../../../avr/lib/avr5/libc.a(sprintf.o)
                              ./gpib.o (sprintf)
/home/dennis/arduino-1.0.5/hardware/tools/avr/bin/../lib/gcc/avr/4.3.2/../../../avr/lib/avr5/libc.a(vfprintf_std.o)
                              /home/dennis/arduino-1.0.5/hardware/tools/avr/bin/../lib/gcc/avr/4.3.2/../../../avr/lib/avr5/libc.a(sprintf.o) (vfprintf)
/home/dennis/arduino-1.0.5/hardware/tools/avr/bin/../lib/gcc/avr/4.3.2/../../../avr/lib/avr5/libc.a(strnlen_P.o)
                              /home/dennis/arduino-1.0.5/hardware/tools/avr/bin/../lib/gcc/avr/4.3.2/../../../avr/lib/avr5/libc.a(vfprintf_std.o) (strnlen_P)
/home/dennis/arduino-1.0.5/hardware/tools/avr/bin/../lib/gcc/avr/4.3.2/../../../avr/lib/avr5/libc.a(strnlen.o)
                              /home/dennis/arduino-1.0.5/hardware/tools/avr/bin/../lib/gcc/avr/4.3.2/../../../avr/lib/avr5/libc.a(vfprintf_std.o) (strnlen)
/home/dennis/arduino-1.0.5/hardware/tools/avr/bin/../lib/gcc/avr/4.3.2/../../../avr/lib/avr5/libc.a(fputc.o)
                              /home/dennis/arduino-1.0.5/hardware/tools/avr/bin/../lib/gcc/avr/4.3.2/../../../avr/lib/avr5/libc.a(vfprintf_std.o) (fputc)
/home/dennis/arduino-1.0.5/hardware/tools/avr/bin/../lib/gcc/avr/4.3.2/../../../avr/lib/avr5/libc.a(ultoa_invert.o)
                              /home/dennis/arduino-1.0.5/hardware/tools/avr/bin/../lib/gcc/avr/4.3.2/../../../avr/lib/avr5/libc.a(vfprintf_std.o) (__ultoa_invert)
/home/dennis/arduino-1.0.5/hardware/tools/avr/bin/../lib/gcc/avr/4.3.2/avr5/libgcc.a(_prologue.o)
                              /home/dennis/arduino-1.0.5/hardware/tools/avr/bin/../lib/gcc/avr/4.3.2/../../../avr/lib/avr5/libc.a(sprintf.o) (__prologue_saves__)
/home/dennis/arduino-1.0.5/hardware/tools/avr/bin/../lib/gcc/avr/4.3.2/avr5/libgcc.a(_epilogue.o)
                              /home/dennis/arduino-1.0.5/hardware/tools/avr/bin/../lib/gcc/avr/4.3.2/../../../avr/lib/avr5/libc.a(sprintf.o) (__epilogue_restores__)

Allocating common symbols
Common symbol       size              file

timer               0x1               ./timer16.o
cmd_buf             0x64              ./gpib.o
s                   0x1               ./timer16.o
buf                 0x50              ./gpib.o

Memory Configuration

Name             Origin             Length             Attributes
text             0x0000000000000000 0x0000000000020000 xr
data             0x0000000000800060 0x000000000000ffa0 rw !x
eeprom           0x0000000000810000 0x0000000000010000 rw !x
fuse             0x0000000000820000 0x0000000000000400 rw !x
lock             0x0000000000830000 0x0000000000000400 rw !x
signature        0x0000000000840000 0x0000000000000400 rw !x
*default*        0x0000000000000000 0xffffffffffffffff

Linker script and memory map

LOAD /home/dennis/arduino-1.0.5/hardware/tools/avr/bin/../lib/gcc/avr/4.3.2/../../../avr/lib/avr5/crtm32.o
LOAD ./gpib.o
LOAD ./main_gpib.o
LOAD ./timer16.o
LOAD ./uart.o
LOAD /home/dennis/arduino-1.0.5/hardware/tools/avr/bin/../lib/gcc/avr/4.3.2/../../../avr/lib/avr5/libprintf_flt.a
LOAD /home/dennis/arduino-1.0.5/hardware/tools/avr/bin/../lib/gcc/avr/4.3.2/../../../avr/lib/avr5/libm.a
LOAD /home/dennis/arduino-1.0.5/hardware/tools/avr/bin/../lib/gcc/avr/4.3.2/avr5/libgcc.a
LOAD /home/dennis/arduino-1.0.5/hardware/tools/avr/bin/../lib/gcc/avr/4.3.2/../../../avr/lib/avr5/libc.a
LOAD /home/dennis/arduino-1.0.5/hardware/tools/avr/bin/../lib/gcc/avr/4.3.2/avr5/libgcc.a

.hash
 *(.hash)

.dynsym
 *(.dynsym)

.dynstr
 *(.dynstr)

.gnu.version
 *(.gnu.version)

.gnu.version_d
 *(.gnu.version_d)

.gnu.version_r
 *(.gnu.version_r)

.rel.init
 *(.rel.init)

.rela.init
 *(.rela.init)

.rel.text
 *(.rel.text)
 *(.rel.text.*)
 *(.rel.gnu.linkonce.t*)

.rela.text
 *(.rela.text)
 *(.rela.text.*)
 *(.rela.gnu.linkonce.t*)

.rel.fini
 *(.rel.fini)

.rela.fini
 *(.rela.fini)

.rel.rodata
 *(.rel.rodata)
 *(.rel.rodata.*)
 *(.rel.gnu.linkonce.r*)

.rela.rodata
 *(.rela.rodata)
 *(.rela.rodata.*)
 *(.rela.gnu.linkonce.r*)

.rel.data
 *(.rel.data)
 *(.rel.data.*)
 *(.rel.gnu.linkonce.d*)

.rela.data
 *(.rela.data)
 *(.rela.data.*)
 *(.rela.gnu.linkonce.d*)

.rel.ctors
 *(.rel.ctors)

.rela.ctors
 *(.rela.ctors)

.rel.dtors
 *(.rel.dtors)

.rela.dtors
 *(.rela.dtors)

.rel.got
 *(.rel.got)

.rela.got
 *(.rela.got)

.rel.bss
 *(.rel.bss)

.rela.bss
 *(.rela.bss)

.rel.plt
 *(.rel.plt)

.rela.plt
 *(.rela.plt)

.text           0x0000000000000000     0x2d3e
 *(.vectors)
 .vectors       0x0000000000000000       0x54 /home/dennis/arduino-1.0.5/hardware/tools/avr/bin/../lib/gcc/avr/4.3.2/../../../avr/lib/avr5/crtm32.o
                0x0000000000000000                __vectors
                0x0000000000000000                __vector_default
 *(.vectors)
 *(.progmem.gcc*)
 *(.progmem*)
 .progmem.data  0x0000000000000054      0x281 ./main_gpib.o
                0x00000000000002d6                . = ALIGN (0x2)
 *fill*         0x00000000000002d5        0x1 00
                0x00000000000002d6                __trampolines_start = .
 *(.trampolines)
 .trampolines   0x00000000000002d6        0x0 linker stubs
 *(.trampolines*)
                0x00000000000002d6                __trampolines_end = .
 *(.jumptables)
 *(.jumptables*)
 *(.lowtext)
 *(.lowtext*)
                0x00000000000002d6                __ctors_start = .
 *(.ctors)
                0x00000000000002d6                __ctors_end = .
                0x00000000000002d6                __dtors_start = .
 *(.dtors)
                0x00000000000002d6                __dtors_end = .
 SORT(*)(.ctors)
 SORT(*)(.dtors)
 *(.init0)
 .init0         0x00000000000002d6        0x0 /home/dennis/arduino-1.0.5/hardware/tools/avr/bin/../lib/gcc/avr/4.3.2/../../../avr/lib/avr5/crtm32.o
                0x00000000000002d6                __init
 *(.init0)
 *(.init1)
 *(.init1)
 *(.init2)
 .init2         0x00000000000002d6        0xc /home/dennis/arduino-1.0.5/hardware/tools/avr/bin/../lib/gcc/avr/4.3.2/../../../avr/lib/avr5/crtm32.o
 *(.init2)
 *(.init3)
 *(.init3)
 *(.init4)
 .init4         0x00000000000002e2       0x16 /home/dennis/arduino-1.0.5/hardware/tools/avr/bin/../lib/gcc/avr/4.3.2/avr5/libgcc.a(_copy_data.o)
                0x00000000000002e2                __do_copy_data
 .init4         0x00000000000002f8       0x10 /home/dennis/arduino-1.0.5/hardware/tools/avr/bin/../lib/gcc/avr/4.3.2/avr5/libgcc.a(_clear_bss.o)
                0x00000000000002f8                __do_clear_bss
 *(.init4)
 *(.init5)
 *(.init5)
 *(.init6)
 *(.init6)
 *(.init7)
 *(.init7)
 *(.init8)
 *(.init8)
 *(.init9)
 .init9         0x0000000000000308        0x8 /home/dennis/arduino-1.0.5/hardware/tools/avr/bin/../lib/gcc/avr/4.3.2/../../../avr/lib/avr5/crtm32.o
 *(.init9)
 *(.text)
 .text          0x0000000000000310        0x4 /home/dennis/arduino-1.0.5/hardware/tools/avr/bin/../lib/gcc/avr/4.3.2/../../../avr/lib/avr5/crtm32.o
                0x0000000000000310                __vector_1
                0x0000000000000310                __vector_12
                0x0000000000000310                __bad_interrupt
                0x0000000000000310                __vector_6
                0x0000000000000310                __vector_3
                0x0000000000000310                __vector_11
                0x0000000000000310                __vector_17
                0x0000000000000310                __vector_19
                0x0000000000000310                __vector_5
                0x0000000000000310                __vector_4
                0x0000000000000310                __vector_9
                0x0000000000000310                __vector_2
                0x0000000000000310                __vector_15
                0x0000000000000310                __vector_8
                0x0000000000000310                __vector_10
                0x0000000000000310                __vector_16
                0x0000000000000310                __vector_18
                0x0000000000000310                __vector_20
 .text          0x0000000000000314        0x0 ./gpib.o
 .text          0x0000000000000314        0x0 ./main_gpib.o
 .text          0x0000000000000314        0x0 ./timer16.o
 .text          0x0000000000000314        0x0 ./uart.o
 .text          0x0000000000000314        0x0 /home/dennis/arduino-1.0.5/hardware/tools/avr/bin/../lib/gcc/avr/4.3.2/avr5/libgcc.a(_divmodhi4.o)
 .text          0x0000000000000314        0x0 /home/dennis/arduino-1.0.5/hardware/tools/avr/bin/../lib/gcc/avr/4.3.2/avr5/libgcc.a(_exit.o)
 .text          0x0000000000000314        0x0 /home/dennis/arduino-1.0.5/hardware/tools/avr/bin/../lib/gcc/avr/4.3.2/avr5/libgcc.a(_copy_data.o)
 .text          0x0000000000000314        0x0 /home/dennis/arduino-1.0.5/hardware/tools/avr/bin/../lib/gcc/avr/4.3.2/avr5/libgcc.a(_clear_bss.o)
 .text          0x0000000000000314        0x0 /home/dennis/arduino-1.0.5/hardware/tools/avr/bin/../lib/gcc/avr/4.3.2/avr5/libgcc.a(_udivmodhi4.o)
 .text          0x0000000000000314       0x3c /home/dennis/arduino-1.0.5/hardware/tools/avr/bin/../lib/gcc/avr/4.3.2/../../../avr/lib/avr5/libc.a(atoi.o)
                0x0000000000000314                atoi
 .text          0x0000000000000350        0xa /home/dennis/arduino-1.0.5/hardware/tools/avr/bin/../lib/gcc/avr/4.3.2/../../../avr/lib/avr5/libc.a(strtok.o)
                0x0000000000000350                strtok
 .text          0x000000000000035a       0x12 /home/dennis/arduino-1.0.5/hardware/tools/avr/bin/../lib/gcc/avr/4.3.2/../../../avr/lib/avr5/libc.a(strlen.o)
                0x000000000000035a                strlen
 .text          0x000000000000036c       0x1c /home/dennis/arduino-1.0.5/hardware/tools/avr/bin/../lib/gcc/avr/4.3.2/../../../avr/lib/avr5/libc.a(strncmp.o)
                0x000000000000036c                strncmp
 .text          0x0000000000000388       0x64 /home/dennis/arduino-1.0.5/hardware/tools/avr/bin/../lib/gcc/avr/4.3.2/../../../avr/lib/avr5/libc.a(strtok_r.o)
                0x0000000000000388                strtok_r
 .text          0x00000000000003ec       0x10 /home/dennis/arduino-1.0.5/hardware/tools/avr/bin/../lib/gcc/avr/4.3.2/../../../avr/lib/avr5/libc.a(mul10.o)
                0x00000000000003ec                __mulhi_const_10
 .text          0x00000000000003fc       0x48 /home/dennis/arduino-1.0.5/hardware/tools/avr/bin/../lib/gcc/avr/4.3.2/../../../avr/lib/avr5/libc.a(sprintf.o)
                0x00000000000003fc                sprintf
 .text          0x0000000000000444      0x3ba /home/dennis/arduino-1.0.5/hardware/tools/avr/bin/../lib/gcc/avr/4.3.2/../../../avr/lib/avr5/libc.a(vfprintf_std.o)
                0x0000000000000444                vfprintf
 .text          0x00000000000007fe       0x16 /home/dennis/arduino-1.0.5/hardware/tools/avr/bin/../lib/gcc/avr/4.3.2/../../../avr/lib/avr5/libc.a(strnlen_P.o)
                0x00000000000007fe                strnlen_P
 .text          0x0000000000000814       0x16 /home/dennis/arduino-1.0.5/hardware/tools/avr/bin/../lib/gcc/avr/4.3.2/../../../avr/lib/avr5/libc.a(strnlen.o)
                0x0000000000000814                strnlen
 .text          0x000000000000082a       0x58 /home/dennis/arduino-1.0.5/hardware/tools/avr/bin/../lib/gcc/avr/4.3.2/../../../avr/lib/avr5/libc.a(fputc.o)
                0x000000000000082a                fputc
 .text          0x0000000000000882       0xbc /home/dennis/arduino-1.0.5/hardware/tools/avr/bin/../lib/gcc/avr/4.3.2/../../../avr/lib/avr5/libc.a(ultoa_invert.o)
                0x0000000000000882                __ultoa_invert
 .text          0x000000000000093e        0x0 /home/dennis/arduino-1.0.5/hardware/tools/avr/bin/../lib/gcc/avr/4.3.2/avr5/libgcc.a(_prologue.o)
 .text          0x000000000000093e        0x0 /home/dennis/arduino-1.0.5/hardware/tools/avr/bin/../lib/gcc/avr/4.3.2/avr5/libgcc.a(_epilogue.o)
                0x000000000000093e                . = ALIGN (0x2)
 *(.text.*)
 .text.delay_ms
                0x000000000000093e       0x6e ./gpib.o
                0x000000000000093e                delay_ms
 .text.gpib_init
                0x00000000000009ac       0xae ./gpib.o
                0x00000000000009ac                gpib_init
 .text.gpib_prepare_write
                0x0000000000000a5a       0x6e ./gpib.o
                0x0000000000000a5a                gpib_prepare_write
 .text.gpib_prepare_read
                0x0000000000000ac8       0x6e ./gpib.o
                0x0000000000000ac8                gpib_prepare_read
 .text.gpib_untalkUnlisten
                0x0000000000000b36       0x46 ./gpib.o
                0x0000000000000b36                gpib_untalkUnlisten
 .text.gpib_receive
                0x0000000000000b7c      0x1ce ./gpib.o
                0x0000000000000b7c                gpib_receive
 .text.gpib_controller_assign
                0x0000000000000d4a       0xbc ./gpib.o
                0x0000000000000d4a                gpib_controller_assign
 .text.gpib_controller_release
                0x0000000000000e06       0x78 ./gpib.o
                0x0000000000000e06                gpib_controller_release
 .text.gpib_cmd
                0x0000000000000e7e       0xb8 ./gpib.o
                0x0000000000000e7e                gpib_cmd
 .text.gpib_write_prologue
                0x0000000000000f36       0x9e ./gpib.o
                0x0000000000000f36                gpib_write_prologue
 .text.gpib_write_epilogue
                0x0000000000000fd4       0x3a ./gpib.o
                0x0000000000000fd4                gpib_write_epilogue
 .text.gpib_write_command
                0x000000000000100e       0x3c ./gpib.o
                0x000000000000100e                gpib_write_command
 .text.gpib_write_string
                0x000000000000104a       0x5e ./gpib.o
                0x000000000000104a                gpib_write_string
 .text.gpib_write_byte
                0x00000000000010a8      0x45e ./gpib.o
                0x00000000000010a8                gpib_write_byte
 .text.gpib_info
                0x0000000000001506      0x2ae ./gpib.o
                0x0000000000001506                gpib_info
 .text.gpib_serial_poll
                0x00000000000017b4      0x270 ./gpib.o
                0x00000000000017b4                gpib_serial_poll
 .text.gpib_set_partner_address
                0x0000000000001a24       0x24 ./gpib.o
                0x0000000000001a24                gpib_set_partner_address
 .text.gpib_set_partner_secondary
                0x0000000000001a48       0x1a ./gpib.o
                0x0000000000001a48                gpib_set_partner_secondary
 .text.gpib_get_partner_pad
                0x0000000000001a62       0x12 ./gpib.o
                0x0000000000001a62                gpib_get_partner_pad
 .text.gpib_get_partner_sad
                0x0000000000001a74       0x12 ./gpib.o
                0x0000000000001a74                gpib_get_partner_sad
 .text.gpib_get_address
                0x0000000000001a86       0x12 ./gpib.o
                0x0000000000001a86                gpib_get_address
 .text.gpib_set_flavour
                0x0000000000001a98       0x1a ./gpib.o
                0x0000000000001a98                gpib_set_flavour
 .text.gpib_get_flavour
                0x0000000000001ab2       0x12 ./gpib.o
                0x0000000000001ab2                gpib_get_flavour
 .text.gpib_clear_partners
                0x0000000000001ac4       0x40 ./gpib.o
                0x0000000000001ac4                gpib_clear_partners
 .text.gpib_add_partner_address
                0x0000000000001b04       0x92 ./gpib.o
                0x0000000000001b04                gpib_add_partner_address
 .text.gpib_remove_partner_address
                0x0000000000001b96       0xac ./gpib.o
                0x0000000000001b96                gpib_remove_partner_address
 .text.arb_ramp
                0x0000000000001c42       0xce ./main_gpib.o
                0x0000000000001c42                arb_ramp
 .text.arb      0x0000000000001d10       0x52 ./main_gpib.o
                0x0000000000001d10                arb
 .text.stringToTwoUchars
                0x0000000000001d62       0x84 ./main_gpib.o
 .text.check_errors
                0x0000000000001de6       0xd0 ./main_gpib.o
                0x0000000000001de6                check_errors
 .text.input_char
                0x0000000000001eb6       0x84 ./main_gpib.o
                0x0000000000001eb6                input_char
 .text.process_char
                0x0000000000001f3a       0xdc ./main_gpib.o
                0x0000000000001f3a                process_char
 .text.input_process
                0x0000000000002016       0x90 ./main_gpib.o
                0x0000000000002016                input_process
 .text.handle_internal_commands
                0x00000000000020a6      0x342 ./main_gpib.o
                0x00000000000020a6                handle_internal_commands
 .text.receiveAnswer
                0x00000000000023e8       0x64 ./main_gpib.o
                0x00000000000023e8                receiveAnswer
 .text.srq_occured
                0x000000000000244c       0x7a ./main_gpib.o
                0x000000000000244c                srq_occured
 .text.handle_srq
                0x00000000000024c6       0xd4 ./main_gpib.o
                0x00000000000024c6                handle_srq
 .text.printHelp
                0x000000000000259a       0xaa ./main_gpib.o
                0x000000000000259a                printHelp
 .text.state_machine
                0x0000000000002644      0x1cc ./main_gpib.o
                0x0000000000002644                state_machine
 .text.main     0x0000000000002810       0x40 ./main_gpib.o
                0x0000000000002810                main
 .text.__vector_7
                0x0000000000002850       0x44 ./timer16.o
                0x0000000000002850                __vector_7
 .text.timer16_init
                0x0000000000002894       0x40 ./timer16.o
                0x0000000000002894                timer16_init
 .text.uart_set_flow_control
                0x00000000000028d4       0x1a ./uart.o
                0x00000000000028d4                uart_set_flow_control
 .text.uart_get_flow_control
                0x00000000000028ee       0x12 ./uart.o
                0x00000000000028ee                uart_get_flow_control
 .text.__vector_13
                0x0000000000002900       0xe0 ./uart.o
                0x0000000000002900                __vector_13
 .text.SendOutOfBand
                0x00000000000029e0       0x2e ./uart.o
                0x00000000000029e0                SendOutOfBand
 .text.__vector_14
                0x0000000000002a0e       0x84 ./uart.o
                0x0000000000002a0e                __vector_14
 .text.uart_init
                0x0000000000002a92       0x68 ./uart.o
                0x0000000000002a92                uart_init
 .text.uart_getc
                0x0000000000002afa       0xac ./uart.o
                0x0000000000002afa                uart_getc
 .text.uart_putc
                0x0000000000002ba6       0x4e ./uart.o
                0x0000000000002ba6                uart_putc
 .text.uart_puts
                0x0000000000002bf4       0x3a ./uart.o
                0x0000000000002bf4                uart_puts
 .text.uart_puts_p
                0x0000000000002c2e       0x50 ./uart.o
                0x0000000000002c2e                uart_puts_p
 .text.libgcc   0x0000000000002c7e       0x26 /home/dennis/arduino-1.0.5/hardware/tools/avr/bin/../lib/gcc/avr/4.3.2/avr5/libgcc.a(_divmodhi4.o)
                0x0000000000002c7e                __divmodhi4
                0x0000000000002c7e                _div
 .text.libgcc   0x0000000000002ca4        0x0 /home/dennis/arduino-1.0.5/hardware/tools/avr/bin/../lib/gcc/avr/4.3.2/avr5/libgcc.a(_exit.o)
 .text.libgcc   0x0000000000002ca4        0x0 /home/dennis/arduino-1.0.5/hardware/tools/avr/bin/../lib/gcc/avr/4.3.2/avr5/libgcc.a(_copy_data.o)
 .text.libgcc   0x0000000000002ca4        0x0 /home/dennis/arduino-1.0.5/hardware/tools/avr/bin/../lib/gcc/avr/4.3.2/avr5/libgcc.a(_clear_bss.o)
 .text.libgcc   0x0000000000002ca4       0x28 /home/dennis/arduino-1.0.5/hardware/tools/avr/bin/../lib/gcc/avr/4.3.2/avr5/libgcc.a(_udivmodhi4.o)
                0x0000000000002ca4                __udivmodhi4
 .text.libgcc   0x0000000000002ccc       0x38 /home/dennis/arduino-1.0.5/hardware/tools/avr/bin/../lib/gcc/avr/4.3.2/avr5/libgcc.a(_prologue.o)
                0x0000000000002ccc                __prologue_saves__
 .text.libgcc   0x0000000000002d04       0x36 /home/dennis/arduino-1.0.5/hardware/tools/avr/bin/../lib/gcc/avr/4.3.2/avr5/libgcc.a(_epilogue.o)
                0x0000000000002d04                __epilogue_restores__
                0x0000000000002d3a                . = ALIGN (0x2)
 *(.fini9)
 .fini9         0x0000000000002d3a        0x0 /home/dennis/arduino-1.0.5/hardware/tools/avr/bin/../lib/gcc/avr/4.3.2/avr5/libgcc.a(_exit.o)
                0x0000000000002d3a                exit
                0x0000000000002d3a                _exit
 *(.fini9)
 *(.fini8)
 *(.fini8)
 *(.fini7)
 *(.fini7)
 *(.fini6)
 *(.fini6)
 *(.fini5)
 *(.fini5)
 *(.fini4)
 *(.fini4)
 *(.fini3)
 *(.fini3)
 *(.fini2)
 *(.fini2)
 *(.fini1)
 *(.fini1)
 *(.fini0)
 .fini0         0x0000000000002d3a        0x4 /home/dennis/arduino-1.0.5/hardware/tools/avr/bin/../lib/gcc/avr/4.3.2/avr5/libgcc.a(_exit.o)
 *(.fini0)
                0x0000000000002d3e                _etext = .

.data           0x0000000000800060      0x3fc load address 0x0000000000002d3e
                0x0000000000800060                PROVIDE (__data_start, .)
 *(.data)
 .data          0x0000000000800060        0x0 /home/dennis/arduino-1.0.5/hardware/tools/avr/bin/../lib/gcc/avr/4.3.2/../../../avr/lib/avr5/crtm32.o
 .data          0x0000000000800060      0x1dc ./gpib.o
 .data          0x000000000080023c      0x21b ./main_gpib.o
 .data          0x0000000000800457        0x0 ./timer16.o
 .data          0x0000000000800457        0x0 ./uart.o
 .data          0x0000000000800457        0x0 /home/dennis/arduino-1.0.5/hardware/tools/avr/bin/../lib/gcc/avr/4.3.2/avr5/libgcc.a(_divmodhi4.o)
 .data          0x0000000000800457        0x0 /home/dennis/arduino-1.0.5/hardware/tools/avr/bin/../lib/gcc/avr/4.3.2/avr5/libgcc.a(_exit.o)
 .data          0x0000000000800457        0x0 /home/dennis/arduino-1.0.5/hardware/tools/avr/bin/../lib/gcc/avr/4.3.2/avr5/libgcc.a(_copy_data.o)
 .data          0x0000000000800457        0x0 /home/dennis/arduino-1.0.5/hardware/tools/avr/bin/../lib/gcc/avr/4.3.2/avr5/libgcc.a(_clear_bss.o)
 .data          0x0000000000800457        0x0 /home/dennis/arduino-1.0.5/hardware/tools/avr/bin/../lib/gcc/avr/4.3.2/avr5/libgcc.a(_udivmodhi4.o)
 .data          0x0000000000800457        0x0 /home/dennis/arduino-1.0.5/hardware/tools/avr/bin/../lib/gcc/avr/4.3.2/../../../avr/lib/avr5/libc.a(atoi.o)
 .data          0x0000000000800457        0x0 /home/dennis/arduino-1.0.5/hardware/tools/avr/bin/../lib/gcc/avr/4.3.2/../../../avr/lib/avr5/libc.a(strtok.o)
 .data          0x0000000000800457        0x0 /home/dennis/arduino-1.0.5/hardware/tools/avr/bin/../lib/gcc/avr/4.3.2/../../../avr/lib/avr5/libc.a(strlen.o)
 .data          0x0000000000800457        0x0 /home/dennis/arduino-1.0.5/hardware/tools/avr/bin/../lib/gcc/avr/4.3.2/../../../avr/lib/avr5/libc.a(strncmp.o)
 .data          0x0000000000800457        0x0 /home/dennis/arduino-1.0.5/hardware/tools/avr/bin/../lib/gcc/avr/4.3.2/../../../avr/lib/avr5/libc.a(strtok_r.o)
 .data          0x0000000000800457        0x0 /home/dennis/arduino-1.0.5/hardware/tools/avr/bin/../lib/gcc/avr/4.3.2/../../../avr/lib/avr5/libc.a(mul10.o)
 .data          0x0000000000800457        0x0 /home/dennis/arduino-1.0.5/hardware/tools/avr/bin/../lib/gcc/avr/4.3.2/../../../avr/lib/avr5/libc.a(sprintf.o)
 .data          0x0000000000800457        0x0 /home/dennis/arduino-1.0.5/hardware/tools/avr/bin/../lib/gcc/avr/4.3.2/../../../avr/lib/avr5/libc.a(vfprintf_std.o)
 .data          0x0000000000800457        0x0 /home/dennis/arduino-1.0.5/hardware/tools/avr/bin/../lib/gcc/avr/4.3.2/../../../avr/lib/avr5/libc.a(strnlen_P.o)
 .data          0x0000000000800457        0x0 /home/dennis/arduino-1.0.5/hardware/tools/avr/bin/../lib/gcc/avr/4.3.2/../../../avr/lib/avr5/libc.a(strnlen.o)
 .data          0x0000000000800457        0x0 /home/dennis/arduino-1.0.5/hardware/tools/avr/bin/../lib/gcc/avr/4.3.2/../../../avr/lib/avr5/libc.a(fputc.o)
 .data          0x0000000000800457        0x0 /home/dennis/arduino-1.0.5/hardware/tools/avr/bin/../lib/gcc/avr/4.3.2/../../../avr/lib/avr5/libc.a(ultoa_invert.o)
 .data          0x0000000000800457        0x0 /home/dennis/arduino-1.0.5/hardware/tools/avr/bin/../lib/gcc/avr/4.3.2/avr5/libgcc.a(_prologue.o)
 .data          0x0000000000800457        0x0 /home/dennis/arduino-1.0.5/hardware/tools/avr/bin/../lib/gcc/avr/4.3.2/avr5/libgcc.a(_epilogue.o)
 *(.data*)
 .data.rs232_remote_echo
                0x0000000000800457        0x1 ./main_gpib.o
                0x0000000000800457                rs232_remote_echo
 .data.xonXoffMode
                0x0000000000800458        0x1 ./main_gpib.o
                0x0000000000800458                xonXoffMode
 .data.srq_enabled
                0x0000000000800459        0x1 ./main_gpib.o
                0x0000000000800459                srq_enabled
 .data.linebreak
                0x000000000080045a        0x1 ./main_gpib.o
                0x000000000080045a                linebreak
 *(.rodata)
 *(.rodata*)
 *(.gnu.linkonce.d*)
                0x000000000080045c                . = ALIGN (0x2)
 *fill*         0x000000000080045b        0x1 00
                0x000000000080045c                _edata = .
                0x000000000080045c                PROVIDE (__data_end, .)

.bss            0x000000000080045c      0x170 load address 0x000000000000313a
                0x000000000080045c                PROVIDE (__bss_start, .)
 *(.bss)
 .bss           0x000000000080045c        0x0 /home/dennis/arduino-1.0.5/hardware/tools/avr/bin/../lib/gcc/avr/4.3.2/../../../avr/lib/avr5/crtm32.o
 .bss           0x000000000080045c        0x0 ./gpib.o
 .bss           0x000000000080045c        0x0 ./main_gpib.o
 .bss           0x000000000080045c        0x0 ./timer16.o
 .bss           0x000000000080045c        0x0 ./uart.o
 .bss           0x000000000080045c        0x0 /home/dennis/arduino-1.0.5/hardware/tools/avr/bin/../lib/gcc/avr/4.3.2/avr5/libgcc.a(_divmodhi4.o)
 .bss           0x000000000080045c        0x0 /home/dennis/arduino-1.0.5/hardware/tools/avr/bin/../lib/gcc/avr/4.3.2/avr5/libgcc.a(_exit.o)
 .bss           0x000000000080045c        0x0 /home/dennis/arduino-1.0.5/hardware/tools/avr/bin/../lib/gcc/avr/4.3.2/avr5/libgcc.a(_copy_data.o)
 .bss           0x000000000080045c        0x0 /home/dennis/arduino-1.0.5/hardware/tools/avr/bin/../lib/gcc/avr/4.3.2/avr5/libgcc.a(_clear_bss.o)
 .bss           0x000000000080045c        0x0 /home/dennis/arduino-1.0.5/hardware/tools/avr/bin/../lib/gcc/avr/4.3.2/avr5/libgcc.a(_udivmodhi4.o)
 .bss           0x000000000080045c        0x0 /home/dennis/arduino-1.0.5/hardware/tools/avr/bin/../lib/gcc/avr/4.3.2/../../../avr/lib/avr5/libc.a(atoi.o)
 .bss           0x000000000080045c        0x2 /home/dennis/arduino-1.0.5/hardware/tools/avr/bin/../lib/gcc/avr/4.3.2/../../../avr/lib/avr5/libc.a(strtok.o)
 .bss           0x000000000080045e        0x0 /home/dennis/arduino-1.0.5/hardware/tools/avr/bin/../lib/gcc/avr/4.3.2/../../../avr/lib/avr5/libc.a(strlen.o)
 .bss           0x000000000080045e        0x0 /home/dennis/arduino-1.0.5/hardware/tools/avr/bin/../lib/gcc/avr/4.3.2/../../../avr/lib/avr5/libc.a(strncmp.o)
 .bss           0x000000000080045e        0x0 /home/dennis/arduino-1.0.5/hardware/tools/avr/bin/../lib/gcc/avr/4.3.2/../../../avr/lib/avr5/libc.a(strtok_r.o)
 .bss           0x000000000080045e        0x0 /home/dennis/arduino-1.0.5/hardware/tools/avr/bin/../lib/gcc/avr/4.3.2/../../../avr/lib/avr5/libc.a(mul10.o)
 .bss           0x000000000080045e        0x0 /home/dennis/arduino-1.0.5/hardware/tools/avr/bin/../lib/gcc/avr/4.3.2/../../../avr/lib/avr5/libc.a(sprintf.o)
 .bss           0x000000000080045e        0x0 /home/dennis/arduino-1.0.5/hardware/tools/avr/bin/../lib/gcc/avr/4.3.2/../../../avr/lib/avr5/libc.a(vfprintf_std.o)
 .bss           0x000000000080045e        0x0 /home/dennis/arduino-1.0.5/hardware/tools/avr/bin/../lib/gcc/avr/4.3.2/../../../avr/lib/avr5/libc.a(strnlen_P.o)
 .bss           0x000000000080045e        0x0 /home/dennis/arduino-1.0.5/hardware/tools/avr/bin/../lib/gcc/avr/4.3.2/../../../avr/lib/avr5/libc.a(strnlen.o)
 .bss           0x000000000080045e        0x0 /home/dennis/arduino-1.0.5/hardware/tools/avr/bin/../lib/gcc/avr/4.3.2/../../../avr/lib/avr5/libc.a(fputc.o)
 .bss           0x000000000080045e        0x0 /home/dennis/arduino-1.0.5/hardware/tools/avr/bin/../lib/gcc/avr/4.3.2/../../../avr/lib/avr5/libc.a(ultoa_invert.o)
 .bss           0x000000000080045e        0x0 /home/dennis/arduino-1.0.5/hardware/tools/avr/bin/../lib/gcc/avr/4.3.2/avr5/libgcc.a(_prologue.o)
 .bss           0x000000000080045e        0x0 /home/dennis/arduino-1.0.5/hardware/tools/avr/bin/../lib/gcc/avr/4.3.2/avr5/libgcc.a(_epilogue.o)
 *(.bss*)
 .bss.controller
                0x000000000080045e        0xf ./gpib.o
 .bss.flowControl
                0x000000000080046d        0x1 ./uart.o
 .bss.oob_event
                0x000000000080046e        0x1 ./uart.o
 .bss.after_xoff_sent
                0x000000000080046f        0x1 ./uart.o
 .bss.chars_in_rx_buffer
                0x0000000000800470        0x1 ./uart.o
 .bss.UART_TxBuf
                0x0000000000800471       0x20 ./uart.o
 .bss.UART_RxBuf
                0x0000000000800491       0x80 ./uart.o
 .bss.UART_TxHead
                0x0000000000800511        0x1 ./uart.o
 .bss.UART_TxTail
                0x0000000000800512        0x1 ./uart.o
 .bss.UART_RxHead
                0x0000000000800513        0x1 ./uart.o
 .bss.UART_RxTail
                0x0000000000800514        0x1 ./uart.o
 .bss.UART_LastRxError
                0x0000000000800515        0x1 ./uart.o
 *(COMMON)
 COMMON         0x0000000000800516       0xb4 ./gpib.o
                0x0000000000800516                cmd_buf
                0x000000000080057a                buf
 COMMON         0x00000000008005ca        0x2 ./timer16.o
                0x00000000008005ca                timer
                0x00000000008005cb                s
                0x00000000008005cc                PROVIDE (__bss_end, .)
                0x0000000000002d3e                __data_load_start = LOADADDR (.data)
                0x000000000000313a                __data_load_end = (__data_load_start + SIZEOF (.data))

.noinit         0x00000000008005cc        0x0
                0x00000000008005cc                PROVIDE (__noinit_start, .)
 *(.noinit*)
                0x00000000008005cc                PROVIDE (__noinit_end, .)
                0x00000000008005cc                _end = .
                0x00000000008005cc                PROVIDE (__heap_start, .)

.eeprom         0x0000000000810000        0x0
 *(.eeprom*)
                0x0000000000810000                __eeprom_end = .

.fuse
 *(.fuse)
 *(.lfuse)
 *(.hfuse)
 *(.efuse)

.lock
 *(.lock*)

.signature
 *(.signature*)

.stab           0x0000000000000000     0x5afc
 *(.stab)
 .stab          0x0000000000000000      0x6b4 /home/dennis/arduino-1.0.5/hardware/tools/avr/bin/../lib/gcc/avr/4.3.2/../../../avr/lib/avr5/crtm32.o
 .stab          0x00000000000006b4     0x183c ./gpib.o
                                       0x1848 (size before relaxing)
 .stab          0x0000000000001ef0     0x168c ./main_gpib.o
                                       0x1974 (size before relaxing)
 .stab          0x000000000000357c      0x24c ./timer16.o
                                        0x564 (size before relaxing)
 .stab          0x00000000000037c8      0x744 ./uart.o
                                        0x9a8 (size before relaxing)
 .stab          0x0000000000003f0c      0x174 /home/dennis/arduino-1.0.5/hardware/tools/avr/bin/../lib/gcc/avr/4.3.2/../../../avr/lib/avr5/libc.a(atoi.o)
                                        0x180 (size before relaxing)
 .stab          0x0000000000004080      0x198 /home/dennis/arduino-1.0.5/hardware/tools/avr/bin/../lib/gcc/avr/4.3.2/../../../avr/lib/avr5/libc.a(strtok.o)
                                        0x1a4 (size before relaxing)
 .stab          0x0000000000004218       0x84 /home/dennis/arduino-1.0.5/hardware/tools/avr/bin/../lib/gcc/avr/4.3.2/../../../avr/lib/avr5/libc.a(strlen.o)
                                         0x90 (size before relaxing)
 .stab          0x000000000000429c       0xc0 /home/dennis/arduino-1.0.5/hardware/tools/avr/bin/../lib/gcc/avr/4.3.2/../../../avr/lib/avr5/libc.a(strncmp.o)
                                         0xcc (size before relaxing)
 .stab          0x000000000000435c      0x270 /home/dennis/arduino-1.0.5/hardware/tools/avr/bin/../lib/gcc/avr/4.3.2/../../../avr/lib/avr5/libc.a(strtok_r.o)
                                        0x27c (size before relaxing)
 .stab          0x00000000000045cc       0x78 /home/dennis/arduino-1.0.5/hardware/tools/avr/bin/../lib/gcc/avr/4.3.2/../../../avr/lib/avr5/libc.a(mul10.o)
                                         0x84 (size before relaxing)
 .stab          0x0000000000004644      0x3b4 /home/dennis/arduino-1.0.5/hardware/tools/avr/bin/../lib/gcc/avr/4.3.2/../../../avr/lib/avr5/libc.a(sprintf.o)
                                        0x3d8 (size before relaxing)
 .stab          0x00000000000049f8      0x978 /home/dennis/arduino-1.0.5/hardware/tools/avr/bin/../lib/gcc/avr/4.3.2/../../../avr/lib/avr5/libc.a(vfprintf_std.o)
                                        0xb58 (size before relaxing)
 .stab          0x0000000000005370       0x9c /home/dennis/arduino-1.0.5/hardware/tools/avr/bin/../lib/gcc/avr/4.3.2/../../../avr/lib/avr5/libc.a(strnlen_P.o)
                                         0xa8 (size before relaxing)
 .stab          0x000000000000540c       0x9c /home/dennis/arduino-1.0.5/hardware/tools/avr/bin/../lib/gcc/avr/4.3.2/../../../avr/lib/avr5/libc.a(strnlen.o)
                                         0xa8 (size before relaxing)
 .stab          0x00000000000054a8      0x1d4 /home/dennis/arduino-1.0.5/hardware/tools/avr/bin/../lib/gcc/avr/4.3.2/../../../avr/lib/avr5/libc.a(fputc.o)
                                        0x3b4 (size before relaxing)
 .stab          0x000000000000567c      0x480 /home/dennis/arduino-1.0.5/hardware/tools/avr/bin/../lib/gcc/avr/4.3.2/../../../avr/lib/avr5/libc.a(ultoa_invert.o)
                                        0x48c (size before relaxing)

.stabstr        0x0000000000000000     0x296c
 *(.stabstr)
 .stabstr       0x0000000000000000     0x296c /home/dennis/arduino-1.0.5/hardware/tools/avr/bin/../lib/gcc/avr/4.3.2/../../../avr/lib/avr5/crtm32.o

.stab.excl
 *(.stab.excl)

.stab.exclstr
 *(.stab.exclstr)

.stab.index
 *(.stab.index)

.stab.indexstr
 *(.stab.indexstr)

.comment
 *(.comment)

.debug
 *(.debug)

.line
 *(.line)

.debug_srcinfo
 *(.debug_srcinfo)

.debug_sfnames
 *(.debug_sfnames)

.debug_aranges
 *(.debug_aranges)

.debug_pubnames
 *(.debug_pubnames)

.debug_info
 *(.debug_info)
 *(.gnu.linkonce.wi.*)

.debug_abbrev
 *(.debug_abbrev)

.debug_line
 *(.debug_line)

.debug_frame
 *(.debug_frame)

.debug_str
 *(.debug_str)

.debug_loc
 *(.debug_loc)

.debug_macinfo
 *(.debug_macinfo)
OUTPUT(gpib_004.elf elf32-avr)
LOAD linker stubs
